00000                 | 
00000                 | #line 1 "D:/Programowanie/P2-Retromachine-Basic/hg010b.p2asm"
00000                 | con
00000                 | 	_clkfreq = 336956522
00000                 | 	_clkmode = 28772091
00000                 | ' 
00000                 | ' 
00000                 | ' hdmi_base       = 0           				 	'must be a multiple of 8
00000                 | 	hdmi_base = 0
00000                 | ' _clkfreq        = 336956522    					'this is the retromachine standard main clock, PAL color frequency * 95
00000                 | ' debugger        = 1                                             'set this to non-zero value if you want to use BRK debugger
00000                 | 	debugger = 1
00000                 | ' 
00000                 | ' 
00000                 | ' ''--------- VGA DOS color definition constants. These are numbers of standard palette used (16 colors*16 luminances, 8-bit Atari based)
00000                 | ' 
00000                 | ' c_black         =    0
00000                 | 	c_black = 0
00000                 | ' c_blue          =  117
00000                 | 	c_blue = 117
00000                 | ' c_green         =  199
00000                 | 	c_green = 199
00000                 | ' c_cyan          =  149
00000                 | 	c_cyan = 149
00000                 | ' c_red           =   39
00000                 | 	c_red = 39
00000                 | ' c_magenta       =   71
00000                 | 	c_magenta = 71
00000                 | ' c_brown         =  246
00000                 | 	c_brown = 246
00000                 | ' c_lightgray     =   10
00000                 | 	c_lightgray = 10
00000                 | ' c_darkgray      =    5
00000                 | 	c_darkgray = 5
00000                 | ' c_lightblue     =  121
00000                 | 	c_lightblue = 121
00000                 | ' c_lightgreen    =  203
00000                 | 	c_lightgreen = 203
00000                 | ' c_lightcyan     =  155
00000                 | 	c_lightcyan = 155
00000                 | ' c_lightred      =   43
00000                 | 	c_lightred = 43
00000                 | ' c_lightmagenta  =   75
00000                 | 	c_lightmagenta = 75
00000                 | ' c_yellow        =  234
00000                 | 	c_yellow = 234
00000                 | ' c_white         =   15
00000                 | 	c_white = 15
00000                 | ' 
00000                 | ' ''---------- A constant to add to timing values for the streamer
00000                 | ' 
00000                 | ' timingsxxt      =  $70810000   ' streamer imm->pins
00000                 | 	timingsxxt = 1887502336
00000                 | dat
00000 000 00 00 00 00 | 	nop
00004 001 01 EC 63 FD | 	cogid	pa
00008 002 02 00 00 FF 
0000c 003 04 EC E7 FC | 	coginit	pa,##$404
00010                 | 	orgh	$10
00010     00 00 00 00 | 	long	0	'reserved
00014     00 00 00 00 | 	long	0 ' clock frequency: will default to 336956522
00018     00 00 00 00 | 	long	0 ' clock mode: will default to $1b706fb
0001c     00 00 00 00 
      ...             
003f8     00 00 00 00 
003fc     00 00 00 00 | 	orgh	$400
00400     00 4E 05 06 |  _ret_	mov	result1, #0
00404 000             | 	org	0
00404 000             | entry
00404 000 00 F0 0F F2 | 	cmp	ptra, #0 wz
00408 001 0C 02 90 5D |  if_ne	jmp	#spininit
0040c 002 A6 F0 03 F6 | 	mov	ptra, ptr_stackspace_
00410 003 14 EC 0F FB | 	rdlong	pa, #20 wz
00414 004 EC 01 90 5D |  if_ne	jmp	#skip_clock_set_
00418 005 00 00 64 FD | 	hubset	#0
0041c 006 83 DB 80 FF 
00420 007 00 F0 65 FD | 	hubset	##28772088
00424 008 86 01 80 FF 
00428 009 1F 80 66 FD | 	waitx	##200000
0042c 00a 83 DB 00 FF 
00430 00b FB EC 07 F6 | 	mov	pa, ##28772091
00434 00c 00 EC 63 FD | 	hubset	pa
00438 00d 18 EC 67 FC | 	wrlong	pa, #24
0043c 00e C6 0A 8A FF 
00440 00f 14 D4 6C FC | 	wrlong	##336956522, #20
00444 010 BC 01 90 FD | 	jmp	#skip_clock_set_
00448 011 00 00 00 00 
      ...             
005fc 07e 00 00 00 00 
00600 07f 00 00 00 00 | 	orgf	128
00604 080             | skip_clock_set_
00604 080 A4 06 A0 FD | 	call	#_dummy
00608 081             | cogexit
00608 081 38 01 80 FF 
0060c 082 1F 00 66 FD | 	waitx	##160000
00610 083 01 50 61 FD | 	cogid	arg01
00614 084 03 50 61 FD | 	cogstop	arg01
00618 085             | spininit
00618 085 61 4B 05 FB | 	rdlong	objptr, ptra++
0061c 086 61 4F 05 FB | 	rdlong	result1, ptra++
00620 087 28 06 64 FD | 	setq	#3
00624 088 00 51 05 FB | 	rdlong	arg01, ptra
00628 089 04 F0 87 F1 | 	sub	ptra, #4
0062c 08a 2D 4E 61 FD | 	call	result1
00630 08b D4 FF 9F FD | 	jmp	#cogexit
00634 08c             | FCACHE_LOAD_
00634 08c F9 2D 01 F6 |     mov	fcache_tmpb_,ptrb
00638 08d 2B F2 63 FD |     pop	ptrb
0063c 08e 95 EC 8B F9 |     altd	pa,ret_instr_
00640 08f 95 00 00 F6 |     mov	 0-0, ret_instr_
00644 090 28 EC 63 FD |     setq	pa
00648 091 E1 01 04 FB |     rdlong	$0, ptrb++
0064c 092 2A F2 63 FD |     push	ptrb
00650 093 96 F2 03 F6 |     mov ptrb,fcache_tmpb_
00654 094 00 00 80 FD |     jmp	#\$0 ' jmp to cache
00658 095             | ret_instr_
00658 095 00 FE 07 02 |     _ret_ cmp inb,#0
0065c 096             | fcache_tmpb_
0065c 096 00 00 00 00 |     long 0
00660 097             | fcache_load_ptr_
00660 097 8C 00 00 00 |     long FCACHE_LOAD_
00664 098             | builtin_bytefill_
00664 098 01 54 55 F0 |         shr	arg03, #1 wc
00668 099 A8 52 41 CC |  if_c   wrbyte	arg02, arg01
0066c 09a 01 50 05 C1 |  if_c   add	arg01, #1
00670 09b 00 52 FD F9 |         movbyts	arg02, #0
00674 09c             | builtin_wordfill_
00674 09c 01 54 55 F0 |         shr	arg03, #1 wc
00678 09d A8 52 51 CC |  if_c   wrword	arg02, arg01
0067c 09e 02 50 05 C1 |  if_c   add	arg01, #2
00680 09f A9 52 29 F9 |         setword	arg02, arg02, #1
00684 0a0             | builtin_longfill_
00684 0a0 A8 00 88 FC |         wrfast	#0,arg01
00688 0a1 00 54 0D F2 |         cmp	arg03, #0 wz
0068c 0a2 AA 02 D8 5C |  if_nz  rep	#1, arg03
00690 0a3 17 52 61 5D |  if_nz  wflong	arg02
00694 0a4 2D 00 64 FD |         ret
00698 0a5             | 
00698 0a5             | objptr
00698 0a5 AC 06 00 00 | 	long	@objmem
0069c 0a6             | ptr_stackspace_
0069c 0a6 78 1D 00 00 | 	long	@stackspace
006a0 0a7             | result1
006a0 0a7 00 00 00 00 | 	long	0
006a4 0a8             | COG_BSS_START
006a4 0a8             | 	fit	480
006a4                 | 	orgh
006a4                 | hubentry
006a4                 | 
006a4                 | ' 
006a4                 | ' 
006a4                 | ' '****************************************************************************************************************
006a4                 | ' '                                                                                                             	*
006a4                 | ' '  A dummy start function if someone runs this driver alone                                 	rev 20220320    *
006a4                 | ' '                                                                                                		*
006a4                 | ' '**************************************************************************************************************** 
006a4                 | ' 
006a4                 | ' pub dummy()
006a4                 | _dummy
006a4                 | _dummy_ret
006a4     2D 00 64 FD | 	ret
006a8                 | hubexit
006a8     81 00 80 FD | 	jmp	#cogexit
006ac                 | objmem
006ac     00 00 00 00 
      ...             
01d70     00 00 00 00 
01d74     00 00 00 00 | 	long	0[1459]
01d78                 | stackspace
01d78     00 00 00 00 | 	long	0[1]
01d7c 0a8             | 	org	COG_BSS_START
01d7c 0a8             | arg01
01d7c 0a8             | 	res	1
01d7c 0a9             | arg02
01d7c 0a9             | 	res	1
01d7c 0aa             | arg03
01d7c 0aa             | 	res	1
01d7c 0ab             | arg04
01d7c 0ab             | 	res	1
01d7c 0ac             | 	fit	480
01d7c 0ac             | 
